// Jest Snapshot v1, https://goo.gl/fbAQLP

exports[`Select component Renders initial component 1`] = `
<Form.ActionForm
  initialValues={
    Object {
      "foo": undefined,
    }
  }
  onSubmit={[Function]}
>
  <Formik
    initialValues={
      Object {
        "foo": undefined,
      }
    }
    onSubmit={[Function]}
  >
    <Form>
      <form
        action="#"
        onReset={[Function]}
        onSubmit={[Function]}
      >
        <Select
          appearance={
            Object {
              "alignOptions": "left",
              "theme": "default",
            }
          }
          connect={false}
          data-test="selectButton"
          id="someStaticId"
          label="Select me"
          name="foo"
          options={
            Array [
              Object {
                "label": "Foo",
                "value": "foo_value",
              },
              Object {
                "label": Object {
                  "defaultMessage": "Bar",
                  "id": "Select.Bar",
                },
                "value": "bar_value",
              },
            ]
          }
        >
          <div>
            <InputLabel
              inputId="someStaticId"
              label="Select me"
            >
              <label
                className=""
                htmlFor="someStaticId"
                id="someStaticId-label"
              >
                <div>
                  <span>
                    Select me
                  </span>
                </div>
              </label>
            </InputLabel>
            <div>
              <button
                aria-controls="select-listbox-someStaticId"
                aria-expanded={false}
                aria-haspopup="listbox"
                aria-label="Select me"
                className="undefined "
                id="someStaticId"
                name="foo"
                onClick={[Function]}
                onKeyDown={[Function]}
                onKeyUp={[Function]}
                tabIndex={0}
                type="button"
              >
                <div>
                  <div>
                    <span>
                      Bar
                    </span>
                  </div>
                  <Icon
                    name="caret-down-small"
                    title={
                      Object {
                        "defaultMessage": "expand",
                        "id": "Select.expandIconHTMLTitle",
                      }
                    }
                  >
                    <i
                      className=""
                      title="expand"
                    >
                      <svg
                        viewBox="0 0 30 30"
                      >
                        <use
                          xlinkHref="#undefined"
                        />
                      </svg>
                    </i>
                  </Icon>
                </div>
              </button>
            </div>
            <InputStatus
              appearance={
                Object {
                  "theme": "minimal",
                }
              }
            >
              <p
                className=""
              />
            </InputStatus>
          </div>
        </Select>
      </form>
    </Form>
  </Formik>
</Form.ActionForm>
`;
