// Jest Snapshot v1, https://goo.gl/fbAQLP

exports[`Select component Renders initial component 1`] = `
<Component
  connect={false}
  intl={
    Object {
      "defaultFormats": Object {},
      "defaultLocale": "en",
      "formatDate": [Function],
      "formatHTMLMessage": [Function],
      "formatMessage": [Function],
      "formatNumber": [Function],
      "formatPlural": [Function],
      "formatRelative": [Function],
      "formatTime": [Function],
      "formats": Object {},
      "formatters": Object {
        "getDateTimeFormat": [Function],
        "getMessageFormat": [Function],
        "getNumberFormat": [Function],
        "getPluralFormat": [Function],
        "getRelativeFormat": [Function],
      },
      "locale": "en",
      "messages": Object {},
      "now": [Function],
      "onError": [Function],
      "textComponent": "span",
      "timeZone": null,
    }
  }
  label="Select me"
  name="foo"
  options={
    Array [
      Object {
        "label": "Foo",
        "value": "foo_value",
      },
      Object {
        "label": Object {
          "defaultMessage": "Bar",
          "id": "Select.Bar",
        },
        "value": "bar_value",
      },
    ]
  }
/>
`;
