// Jest Snapshot v1, https://goo.gl/fbAQLP

exports[`WizardTemplate component Renders initial component 1`] = `
<main>
  <article />
</main>
`;
