// Jest Snapshot v1, https://goo.gl/fbAQLP

exports[`FileUpload component Renders initial component 1`] = `
<C
  name="fileUpload"
  render={[Function]}
/>
`;
