// Jest Snapshot v1, https://goo.gl/fbAQLP

exports[`ProfileCreate component Renders initial component (snapshot) 1`] = `
<Formik
  enableReinitialize={false}
  handleSubmit={[Function]}
  initialValues={
    Object {
      "profilename": "",
    }
  }
  intl={
    Object {
      "defaultFormats": Object {},
      "defaultLocale": "en",
      "formatDate": [Function],
      "formatHTMLMessage": [Function],
      "formatMessage": [Function],
      "formatNumber": [Function],
      "formatPlural": [Function],
      "formatRelative": [Function],
      "formatTime": [Function],
      "formats": Object {},
      "formatters": Object {
        "getDateTimeFormat": [Function],
        "getMessageFormat": [Function],
        "getNumberFormat": [Function],
        "getPluralFormat": [Function],
        "getRelativeFormat": [Function],
      },
      "locale": "en",
      "messages": Object {},
      "now": [Function],
      "textComponent": "span",
      "timeZone": null,
    }
  }
  isInitialValid={false}
  onSubmit={[Function]}
  render={[Function]}
  validateOnBlur={true}
  validateOnChange={true}
  validationSchema={[Function]}
/>
`;
